// Jest Snapshot v1, https://goo.gl/fbAQLP

exports[`UserConfig.vue matches the snapshot 1`] = `
"<div>
  <header class=\\"header\\">
    <nav>
      <router-link to=\\"/login\\">Login</router-link> | <router-link to=\\"/dashboard\\">Dashboard</router-link> | <router-link to=\\"/smart-home\\">Smart Home</router-link> | <router-link to=\\"/manufact-automatation\\">Automation</router-link> | <router-link to=\\"/profile\\">Profile</router-link> |
      <!--v-if-->
    </nav>
    <p style=\\"width: 100%; height: 1px;\\"></p>
  </header><!-- Форма для создания пользователя -->
  <div style=\\"padding: 0px 10px 0px 10px;\\">
    <h2>Создать нового пользователя</h2>
    <form>
      <div><label for=\\"username\\">Имя пользователя:</label><input type=\\"text\\" id=\\"username\\" required=\\"\\" autocomplete=\\"username\\">
        <!--v-if-->
      </div>
      <div><label for=\\"password\\">Пароль:</label><input type=\\"password\\" id=\\"password\\" required=\\"\\" autocomplete=\\"password\\">
        <!--v-if-->
      </div>
      <div><label for=\\"dataSource\\">Источник данных:</label><input type=\\"text\\" id=\\"dataSource\\" required=\\"\\" autocomplete=\\"dataSource\\">
        <!--v-if-->
      </div>
      <div><label for=\\"permissionLevel\\">Уровень доступа:</label><select id=\\"permissionLevel\\" required=\\"\\" autocomplete=\\"permissionLevel\\">
          <option value=\\"1\\">Пользователь</option>
          <option value=\\"2\\">Оператор</option>
          <option value=\\"3\\">Администратор</option>
        </select></div><button type=\\"submit\\">Создать пользователя</button>
    </form>
  </div><!-- Форма для связывания пользователя с источником данных -->
  <div style=\\"padding: 0px 10px 0px 10px; margin-top: 20px;\\">
    <h2>Связать пользователя с источником данных</h2>
    <form>
      <div><label for=\\"existingUser\\">Пользователь:</label><select id=\\"existingUser\\" required=\\"\\"></select><!-- Лог для проверки данных -->
        <!-- <p>Список пользователей: {{ users }}</p> -->
      </div>
      <div><label for=\\"existingDataSource\\">Источник данных:</label><select id=\\"existingDataSource\\" required=\\"\\"></select><!-- Лог для проверки данных -->
        <!-- <p>Список источников данных: {{ dataSources }}</p> -->
      </div>
      <div style=\\"display: flex; justify-content: space-between;\\"><button>Обновить список</button><button type=\\"submit\\">Связать</button></div>
    </form>
  </div><!-- Сообщение об успешном создании пользователя -->
  <!--v-if-->
</div>"
`;
